[INFO ] CGR26_renderer starting
[INFO ] command line: scene='/Users/jacksu/Desktop/CGR/cw/scenes/aa_drt.pbrt' output='/Users/jacksu/Desktop/CGR/cw/output'
[INFO ] parsing '/Users/jacksu/Desktop/CGR/cw/scenes/aa_drt.pbrt' (163 lines)
[INFO ] scene starts with one default diffuse material
[INFO ] integrator 'distributed': maxdepth=3 BF=2 spp=1 sampler=grid
[INFO ] camera: perspective, fov=40.000000 aperture=0.000000 focus=1.000000 pos=(0.000000,1.700000,8.000000) look=(0.000000,1.000000,0.000000) fwd=(0.000000,-0.087167,-0.996194)
[INFO ] loaded texture 'textures/checker.ppm' (64x64)
[INFO ] point light at (-4, 6, 5.5) I=(70, 66, 60)
[INFO ] point light at (5, 4, 4) I=(22, 22, 26)
[INFO ] area light (rectangle) area=14.000000
[INFO ] parsed scene: 30 shapes, 3 lights, 7 materials, integrator='distributed'
[INFO ] integrator: distributed
[INFO ] DRT: 480x360, maxDepth=3 BF=2 spp=1 sampler=grid lensRadius=0.000000 focus=1.000000
[INFO ] DRT frame time: 0.276486 s
[INFO ] wrote /Users/jacksu/Desktop/CGR/cw/output/aa_drt.png (480x360)
[INFO ] image mean=(0.172524, 0.166507, 0.159397) min=0.000890 max=1.000000 stddev=(0.211827, 0.204707, 0.192175)
[INFO ] ---- profile ----
[INFO ]   parse             0.0008 s
[INFO ]   render            0.2765 s
[INFO ]   total             0.2879 s
[INFO ] parse warnings=0 parse errors=0
[INFO ] CGR26_renderer finished
