[INFO ] CGR26_renderer starting
[INFO ] command line: scene='/Users/jacksu/Desktop/CGR/cw/scenes/aa_spp4.pbrt' output='/Users/jacksu/Desktop/CGR/cw/output'
[INFO ] parsing '/Users/jacksu/Desktop/CGR/cw/scenes/aa_spp4.pbrt' (159 lines)
[INFO ] scene starts with one default diffuse material
[INFO ] integrator 'whitted': maxdepth=5 BF=4 spp=4 sampler=grid
[INFO ] camera: perspective, fov=40.000000 aperture=0.000000 focus=1.000000 pos=(0.000000,1.700000,8.000000) look=(0.000000,1.000000,0.000000) fwd=(0.000000,-0.087167,-0.996194)
[INFO ] loaded texture 'textures/checker.ppm' (64x64)
[INFO ] point light at (-4, 6, 5.5) I=(70, 66, 60)
[INFO ] point light at (5, 4, 4) I=(22, 22, 26)
[INFO ] point light at (-3, 5.5, 4) I=(80, 76, 70)
[INFO ] point light at (4, 3.5, 5) I=(24, 24, 28)
[INFO ] parsed scene: 30 shapes, 4 lights, 7 materials, integrator='whitted'
[INFO ] integrator: whitted
[INFO ] WSRT: 480x360, maxDepth=5, spp=4 sampler=grid (supersampled)
[INFO ] WSRT frame time: 0.763535 s
[INFO ] wrote /Users/jacksu/Desktop/CGR/cw/output/aa_spp4.png (480x360)
[INFO ] image mean=(0.185594, 0.179735, 0.180073) min=0.000637 max=1.000000 stddev=(0.243171, 0.235128, 0.230269)
[INFO ] ---- profile ----
[INFO ]   parse             0.0009 s
[INFO ]   render            0.7635 s
[INFO ]   total             0.7747 s
[INFO ] parse warnings=0 parse errors=0
[INFO ] CGR26_renderer finished
