[INFO ] CGR26_renderer starting
[INFO ] command line: scene='/Users/jacksu/Desktop/CGR/cw/scenes/DRT_creative.pbrt' output='/Users/jacksu/Desktop/CGR/cw/output'
[INFO ] parsing '/Users/jacksu/Desktop/CGR/cw/scenes/DRT_creative.pbrt' (112 lines)
[INFO ] scene starts with one default diffuse material
[INFO ] integrator 'distributed': maxdepth=6 BF=4 spp=8 sampler=grid
[INFO ] camera: thin-lens perspective, fov=40.000000 aperture=0.100000 focus=10.500000 pos=(0.000000,1.600000,8.500000) look=(0.000000,1.300000,-1.500000) fwd=(0.000000,-0.029987,-0.999550)
[INFO ] loaded texture 'textures/checker.ppm' (64x64)
[INFO ] loaded mesh 'meshes/icosphere.obj': 500 triangles
[INFO ] loaded mesh 'meshes/icosphere.obj': 500 triangles
[INFO ] area light (rectangle) area=8.800000
[INFO ] area light (rectangle) area=2.000000
[INFO ] area light (rectangle) area=6.760000
[INFO ] parsed scene: 1004 shapes, 3 lights, 6 materials, integrator='distributed'
[INFO ] integrator: distributed
[INFO ] DRT: 360x240, maxDepth=6 BF=4 spp=8 sampler=grid lensRadius=0.100000 focus=10.500000
[INFO ] DRT frame time: 395.656757 s
[INFO ] wrote /Users/jacksu/Desktop/CGR/cw/output/DRT_creative.png (360x240)
[INFO ] image mean=(0.200015, 0.198767, 0.200149) min=0.017042 max=1.000000 stddev=(0.241092, 0.239055, 0.234413)
[INFO ] ---- profile ----
[INFO ]   parse             0.0019 s
[INFO ]   render            395.6568 s
[INFO ]   total             395.6651 s
[INFO ] parse warnings=0 parse errors=0
[INFO ] CGR26_renderer finished
