[INFO ] CGR26_renderer starting
[INFO ] command line: scene='/Users/jacksu/Desktop/CGR/cw/scenes/WSRT_creative.pbrt' output='/Users/jacksu/Desktop/CGR/cw/output'
[INFO ] parsing '/Users/jacksu/Desktop/CGR/cw/scenes/WSRT_creative.pbrt' (136 lines)
[INFO ] scene starts with one default diffuse material
[INFO ] integrator 'whitted': maxdepth=12 BF=4 spp=4 sampler=uniform
[INFO ] camera: perspective, fov=48.000000 aperture=0.000000 focus=1.000000 pos=(0.000000,2.200000,11.000000) look=(0.000000,1.400000,0.000000) fwd=(0.000000,-0.072536,-0.997366)
[INFO ] loaded texture 'textures/wood.ppm' (64x64)
[INFO ] loaded texture 'textures/paper.ppm' (32x32)
[INFO ] loaded mesh 'meshes/display_box.obj': 12 triangles
[INFO ] loaded mesh 'meshes/display_box.obj': 12 triangles
[INFO ] loaded mesh 'meshes/display_box.obj': 12 triangles
[INFO ] point light at (-5, 7, 6) I=(150, 130, 105)
[INFO ] point light at (5.5, 3.5, 4.5) I=(45, 55, 80)
[INFO ] parsed scene: 47 shapes, 2 lights, 13 materials, integrator='whitted'
[INFO ] integrator: whitted
[INFO ] WSRT: 960x600, maxDepth=12, 1 sample/pixel (no antialiasing)
[INFO ] WSRT frame time: 3.801205 s
[INFO ] wrote /Users/jacksu/Desktop/CGR/cw/output/WSRT_creative.png (960x600)
[INFO ] image mean=(0.110909, 0.079836, 0.070473) min=0.001887 max=1.000000 stddev=(0.100258, 0.067269, 0.065376)
[INFO ]   render            3.8012 s
[INFO ] parse warnings=0 parse errors=0
[INFO ] CGR26_renderer finished
